10:32:01 **** Auto Build of configuration Debug for project pcie_hdmi_inout ****
make pre-build main-build 
a9-linaro-pre-build-step
' '
'Building file: ../src/main.c'
'Invoking: ARM v7 gcc compiler'
arm-none-eabi-gcc -Wall -O0 -g3 -c -fmessage-length=0 -MT"src/main.o" -mcpu=cortex-a9 -mfpu=vfpv3 -mfloat-abi=hard -I../../pcie_hdmi_inout_bsp/ps7_cortexa9_0/include -MMD -MP -MF"src/main.d" -MT"src/main.o" -o "src/main.o" "../src/main.c"
../src/main.c: In function 'main':
../src/main.c:115:66: warning: passing argument 5 of 'vdma_write_init' makes integer from pointer without a cast [-Wint-conversion]
  vdma_write_init(XPAR_AXIVDMA_1_DEVICE_ID,1920 * 3,1080,1920 * 3,dispCtrl.framePtr[dispCtrl.curFrame]);
                                                                  ^~~~~~~~
In file included from ../src/main.c:18:0:
../src/vdma.h:9:5: note: expected 'unsigned int' but argument is of type 'u8 * {aka unsigned char *}'
 int vdma_write_init(short DeviceID,short HoriSizeInput,short VertSizeInput,short Stride,unsigned int FrameStoreStartAddr);
     ^~~~~~~~~~~~~~~
'Finished building: ../src/main.c'
' '
'Building target: pcie_hdmi_inout.elf'
'Invoking: ARM v7 gcc linker'
arm-none-eabi-gcc -mcpu=cortex-a9 -mfpu=vfpv3 -mfloat-abi=hard -Wl,-build-id=none -specs=Xilinx.spec -Wl,-T -Wl,../src/lscript.ld -L../../pcie_hdmi_inout_bsp/ps7_cortexa9_0/lib -o "pcie_hdmi_inout.elf"  ./src/i2c/PS_i2c.o  ./src/dynclk/dynclk.o  ./src/display_ctrl/display_ctrl.o  ./src/main.o ./src/platform.o ./src/vdma.o   -Wl,--start-group,-lxil,-lgcc,-lc,--end-group
'Finished building target: pcie_hdmi_inout.elf'
' '
'Invoking: ARM v7 Print Size'
arm-none-eabi-size pcie_hdmi_inout.elf  |tee "pcie_hdmi_inout.elf.size"
   text	   data	    bss	    dec	    hex	filename
1502480	   1444	18687968	20191892	1341a94	pcie_hdmi_inout.elf
'Finished building: pcie_hdmi_inout.elf.size'
' '

10:32:15 Build Finished (took 14s.532ms)

